// Jest Snapshot v1, https://goo.gl/fbAQLP

exports[`<DragDrop /> should match the snapshot 1`] = `
<div>
  <div
    class="e-app-drag-drop test"
  >
    <div>
      This is a test
    </div>
  </div>
</div>
`;
